== Abstract Syntax Tree ==
LogicalProject(IntegerField1=[$0], StringField1=[$1])
  LogicalTableScan(table=[[default_catalog, default_database, TableNumber1]])

== Optimized Logical Plan ==
BatchTableSourceScan(table=[[default_catalog, default_database, TableNumber1]], fields=[IntegerField1, StringField1], source=[CsvTableSource(read fields: IntegerField1, StringField1)])

== Physical Execution Plan ==
Stage 1 : Data Source
	content : collect elements with CollectionInputFormat
	Partitioning : RANDOM_PARTITIONED

	Stage 0 : Data Sink
		content : org.apache.flink.api.java.io.DiscardingOutputFormat
		ship_strategy : Forward
		exchange_mode : PIPELINED
		Partitioning : RANDOM_PARTITIONED

