== Abstract Syntax Tree ==
LogicalProject(a=[$0], b=[$1])
+- LogicalTableScan(table=[[default_catalog, default_database, R, source: [RandomSource(a, b)]]])

== Optimized Physical Plan ==
LegacyTableSourceScan(table=[[default_catalog, default_database, R, source: [RandomSource(a, b)]]], fields=[a, b])

== Optimized Execution Plan ==
LegacyTableSourceScan(table=[[default_catalog, default_database, R, source: [RandomSource(a, b)]]], fields=[a, b])